// Jest Snapshot v1, https://goo.gl/fbAQLP

exports[`Card.tsx Should match the snapshot 1`] = `
<div
  className="max-w-sm rounded overflow-hidden shadow-up-box mx-auto"
>
  <h1>
    New Card
  </h1>
</div>
`;
