// Jest Snapshot v1, https://goo.gl/fbAQLP

exports[`HelloWorld.tsx should match the snapshot 1`] = `
<h1>
  Hello everybody!
</h1>
`;
