// Jest Snapshot v1, https://goo.gl/fbAQLP

exports[`Icon.tsx should match the snapshot 1`] = `
<div>
  <i
    className=" text-neutral fab fa-amazon"
    style={
      Object {
        "fontSize": "12px",
      }
    }
  />
</div>
`;
