// Jest Snapshot v1, https://goo.gl/fbAQLP

exports[`Create HelloWorld component 1`] = `
<h1>
  Hello everybody!
</h1>
`;
